################################################################
#.........#....................##..............................#
#.........#....................................................#
#.........#....................................................#
#.........#....................................................#
#.........#############........................................#
#...............#..............................................#
#...............#..........................P...................#
#...............#..............................................#
#.....#..#..#...#...................B..........................#
#...............#..............................................#
#.............P.#..............................................#
#.....#..#..#..................................................#
#..............................................................#
#..............................................................#
#.............................B..B.............................#
#..............................................................#
#.....................wwwwww..#................................#
#.....................#.......#................................#
#....................##.###.###.........................#......#
#....................##.....#........................##........#
#....................##.#####........................##.#......#
#....................#..#......................................#
#....................#..#...............................#......#
#..............................................................#
#..............................................................#
#..............................................................#
#..............................................................#
#..............................##..............................#
#..............................##..............................#
#..............................##..............................#
################################################################
