################################################################
#.........#....................##..............................#
#.........#....................................................#
#.........#....................................................#
#.........#....................................................#
#.........#############........................................#
#...............#..............................................#
#...............#..........................P...................#
#...............#..............................................#
#.....#..#..#...#...................B..........................#
#...............#..............................................#
#.............P.#..............................................#
#.....#..#..#..................................................#
#..............................................................#
#..............................................................#
#.............................B..B.............................#
#..............................................................#
#.....................wwwwww..w................................#
#.....................w.......w................................#
#....................ww.www.www.........................#......#
#....................ww.....w........................##........#
#....................ww.wwwww........................##.#......#
#....................w..w......................................#
#....................w..w...............................#......#
#..............................................................#
#..............................................................#
#..............................................................#
#..............................................................#
#..............................##..............................#
#..............................##..............................#
#..............................##..............................#
################################################################
